// Jest Snapshot v1, https://goo.gl/fbAQLP

exports[`Group BreadCrumbs tests couple of crumbs 1`] = `
<GroupCrumbs>
  <GroupBreadCrumbs>
    <Breadcrumb>
      <nav
        aria-label="Breadcrumb"
        className="pf-c-breadcrumb"
        data-ouia-component-id="OUIA-Generated-Breadcrumb-1"
        data-ouia-component-type="PF4/Breadcrumb"
        data-ouia-safe={true}
      >
        <ol
          className="pf-c-breadcrumb__list"
        >
          <BreadcrumbItem
            isActive={true}
            key=".$0"
            showDivider={false}
          >
            <li
              className="pf-c-breadcrumb__item"
            >
              active group
            </li>
          </BreadcrumbItem>
        </ol>
      </nav>
    </Breadcrumb>
  </GroupBreadCrumbs>
</GroupCrumbs>
`;
